<?xml version="1.0" encoding="UTF-8"?>
<TestRun id="ab80146b-b240-4601-bd3e-8453731adf1b" name="Juliën Hanssens@GX755-005 2012-02-13 15:15:12" runUser="GX755-005\Juliën Hanssens" xmlns="http://microsoft.com/schemas/VisualStudio/TeamTest/2010">
  <TestSettings name="Local" id="6eb931c3-cf25-4534-bcc5-ab683f4af19a">
    <Description>These are default test settings for a local test run.</Description>
    <Deployment enabled="false" runDeploymentRoot="Juliën Hanssens_GX755-005 2012-02-13 15_15_12">
      <DeploymentItem filename="C:\Users\Juliën Hanssens\Desktop\_MAANDAG\ConsoleApplication1\Seringe\bin\Debug\Seringe.dll" />
    </Deployment>
    <Execution>
      <TestTypeSpecific />
      <AgentRule name="Execution Agents">
      </AgentRule>
    </Execution>
  </TestSettings>
  <Times creation="2012-02-13T15:15:12.5327629+01:00" queuing="2012-02-13T15:15:12.6467639+01:00" start="2012-02-13T15:15:12.6567639+01:00" finish="2012-02-13T15:15:12.9567643+01:00" />
  <ResultSummary outcome="Failed">
    <Counters total="1" executed="1" error="0" failed="1" timeout="0" aborted="0" inconclusive="0" passedButRunAborted="0" notRunnable="0" notExecuted="0" disconnected="0" warning="0" passed="0" completed="0" inProgress="0" pending="0" />
  </ResultSummary>
  <TestDefinitions>
    <UnitTest name="MultipleRegistrationWithPreference" storage="c:\users\juliën hanssens\desktop\_maandag\consoleapplication1\seringe.tests\bin\debug\seringe.tests.dll" id="8c4e941e-bfed-17d5-3d4c-a1409b4b9a6d">
      <Execution id="cc4ee51e-a24c-4532-a58b-ff678ee78ed9" />
      <TestMethod codeBase="C:/Users/Juliën Hanssens/Desktop/_MAANDAG/ConsoleApplication1/Seringe.Tests/bin/Debug/Seringe.Tests.DLL" adapterTypeName="Microsoft.VisualStudio.TestTools.TestTypes.Unit.UnitTestAdapter, Microsoft.VisualStudio.QualityTools.Tips.UnitTest.Adapter, Version=10.0.0.0, Culture=neutral, PublicKeyToken=b03f5f7f11d50a3a" className="Seringe.Tests.SeringeContainerTests, Seringe.Tests, Version=1.0.0.0, Culture=neutral, PublicKeyToken=null" name="MultipleRegistrationWithPreference" />
    </UnitTest>
  </TestDefinitions>
  <TestLists>
    <TestList name="Results Not in a List" id="8c84fa94-04c1-424b-9868-57a2d4851a1d" />
    <TestList name="All Loaded Results" id="19431567-8539-422a-85d7-44ee4e166bda" />
  </TestLists>
  <TestEntries>
    <TestEntry testId="8c4e941e-bfed-17d5-3d4c-a1409b4b9a6d" executionId="cc4ee51e-a24c-4532-a58b-ff678ee78ed9" testListId="8c84fa94-04c1-424b-9868-57a2d4851a1d" />
  </TestEntries>
  <Results>
    <UnitTestResult executionId="cc4ee51e-a24c-4532-a58b-ff678ee78ed9" testId="8c4e941e-bfed-17d5-3d4c-a1409b4b9a6d" testName="MultipleRegistrationWithPreference" computerName="GX755-005" duration="00:00:00.0355719" startTime="2012-02-13T15:15:12.6567639+01:00" endTime="2012-02-13T15:15:12.9367643+01:00" testType="13cdc9d9-ddb5-4fa4-a97d-d965ccfc6d4b" outcome="Failed" testListId="8c84fa94-04c1-424b-9868-57a2d4851a1d" relativeResultsDirectory="cc4ee51e-a24c-4532-a58b-ff678ee78ed9">
      <Output>
        <ErrorInfo>
          <Message>Assert.AreEqual failed. Expected:&lt;5&gt;. Actual:&lt;0&gt;. </Message>
          <StackTrace>   at Seringe.Tests.SeringeContainerTests.MultipleRegistrationWithPreference() in C:\Users\Juliën Hanssens\Desktop\_MAANDAG\ConsoleApplication1\Seringe.Tests\SeringeContainerTests.cs:line 77
</StackTrace>
        </ErrorInfo>
      </Output>
    </UnitTestResult>
  </Results>
</TestRun>